------------------------------------------------------------------------------------------------------------------------

[2025-05-09 10:52:57 #1 store] 
Database 'C:\Users\h165p\Desktop\Ingurunea\3Iterazioa\Rides24\src\main\resources\rides.temp' is opened by 1540@LAPTOP-CF3BRR4L

[2025-05-09 10:52:57 #2 type.registry] 
New type domain.User

[2025-05-09 10:52:57 #3 type.registry] 
New type domain.Driver

[2025-05-09 10:52:57 #4 type] 
Type domain.User is not enhanced.

[2025-05-09 10:52:57 #5 type.registry] 
New type domain.Balorazioa

[2025-05-09 10:52:57 #6 type.registry] 
New type domain.Mugimendua

[2025-05-09 10:52:57 #7 type] 
Type domain.Driver is not enhanced.

[2025-05-09 10:52:57 #8 type.registry] 
New type domain.Erreklamazioa

[2025-05-09 10:52:57 #9 type.registry] 
New type domain.Kotxea

[2025-05-09 10:52:57 #10 type.registry] 
New type domain.Ride

[2025-05-09 10:52:57 #11 type] 
Type domain.Balorazioa is not enhanced.

[2025-05-09 10:52:57 #12 type] 
Type domain.Mugimendua is not enhanced.

[2025-05-09 10:52:57 #13 type] 
Type domain.Erreklamazioa is not enhanced.

[2025-05-09 10:52:57 #14 type.registry] 
New type domain.Mezua

[2025-05-09 10:52:57 #15 type.registry] 
New type domain.Erreserba

[2025-05-09 10:52:57 #16 type.registry] 
New type domain.Admin

[2025-05-09 10:52:57 #17 type.registry] 
New type domain.Bidaiaria

[2025-05-09 10:52:57 #18 type] 
Type domain.Kotxea is not enhanced.

[2025-05-09 10:52:57 #19 type] 
Type domain.Ride is not enhanced.

[2025-05-09 10:52:57 #20 type] 
Type domain.Mezua is not enhanced.

[2025-05-09 10:52:57 #21 type] 
Type domain.Erreserba is not enhanced.

[2025-05-09 10:52:57 #22 type] 
Type domain.Admin is not enhanced.

[2025-05-09 10:52:57 #23 type] 
Type domain.Bidaiaria is not enhanced.

[2025-05-09 10:52:57 #24 type.registry] 
New type domain.Alerta

[2025-05-09 10:52:57 #25 type] 
Type domain.Alerta is not enhanced.

[2025-05-09 10:52:58 #26 type.registry] 
New type java.util.Vector<java.lang.Object>

[2025-05-09 10:52:58 #27 type.registry] 
New type java.util.Vector<domain.Mugimendua>

[2025-05-09 10:52:58 #28 type.registry] 
New type java.util.Vector<domain.Balorazioa>

[2025-05-09 10:52:58 #29 type.registry] 
New type java.util.Vector<domain.Ride>

[2025-05-09 10:52:58 #30 type.registry] 
New type java.util.Vector<domain.Kotxea>

[2025-05-09 10:52:58 #31 type.registry] 
New type java.util.Vector<domain.Erreklamazioa>

[2025-05-09 10:52:58 #32 type.registry] 
New type java.util.Vector<domain.Erreserba>

[2025-05-09 10:52:58 #33 type.registry] 
New type java.util.Vector<domain.Alerta>

[2025-05-09 10:52:58 #34 type.registry] 
New type java.util.Vector<domain.Mezua>

