------------------------------------------------------------------------------------------------------------------------

[2026-10-03 12:06:55 #1 config] 
Invalid or expired activation code: AT72-TWAT-4R1Y-1A83-7W9X

[2026-10-03 12:06:55 #2 store] 
Database 'C:\Users\Aitzol Waliño\Desktop\Rides\Rides24\src\main\resources\rides.temp' is opened by 22864@DESKTOP-Q3JUIF7

[2026-10-03 12:06:55 #3 type.registry] 
New type domain.User

[2026-10-03 12:06:55 #4 type.registry] 
New type domain.Driver

[2026-10-03 12:06:55 #5 type] 
Type domain.User is not enhanced.

[2026-10-03 12:06:55 #6 type.registry] 
New type domain.Balorazioa

[2026-10-03 12:06:55 #7 type.registry] 
New type domain.Mugimendua

[2026-10-03 12:06:55 #8 type] 
Type domain.Driver is not enhanced.

[2026-10-03 12:06:55 #9 type.registry] 
New type domain.Erreklamazioa

[2026-10-03 12:06:55 #10 type.registry] 
New type domain.Ride

[2026-10-03 12:06:55 #11 type] 
Type domain.Balorazioa is not enhanced.

[2026-10-03 12:06:55 #12 type] 
Type domain.Mugimendua is not enhanced.

[2026-10-03 12:06:55 #13 type] 
Type domain.Erreklamazioa is not enhanced.

[2026-10-03 12:06:55 #14 type.registry] 
New type domain.Mezua

[2026-10-03 12:06:55 #15 type.registry] 
New type domain.Erreserba

[2026-10-03 12:06:55 #16 type.registry] 
New type domain.Bidaiaria

[2026-10-03 12:06:55 #17 type] 
Type domain.Ride is not enhanced.

[2026-10-03 12:06:55 #18 type] 
Type domain.Mezua is not enhanced.

[2026-10-03 12:06:55 #19 type] 
Type domain.Erreserba is not enhanced.

[2026-10-03 12:06:55 #20 type] 
Type domain.Bidaiaria is not enhanced.

[2026-10-03 12:06:55 #21 type.registry] 
New type domain.Alerta

[2026-10-03 12:06:55 #22 type] 
Type domain.Alerta is not enhanced.

[2026-10-03 12:06:55 #23 type.registry] 
New type java.util.Vector<java.lang.Object>

[2026-10-03 12:06:55 #24 type.registry] 
New type java.util.Vector<domain.Mugimendua>

[2026-10-03 12:06:55 #25 type.registry] 
New type java.util.Vector<domain.Balorazioa>

[2026-10-03 12:06:55 #26 type.registry] 
New type java.util.Vector<domain.Ride>

[2026-10-03 12:06:55 #27 type.registry] 
New type java.util.Vector<domain.Erreklamazioa>

[2026-10-03 12:06:55 #28 type.registry] 
New type java.util.Vector<domain.Erreserba>

[2026-10-03 12:06:55 #29 type.registry] 
New type java.util.Vector<domain.Alerta>

[2026-10-03 12:06:55 #30 type.registry] 
New type java.util.Vector<domain.Mezua>

------------------------------------------------------------------------------------------------------------------------

[2026-10-03 12:11:10 #1 config] 
Invalid or expired activation code: AT72-TWAT-4R1Y-1A83-7W9X

[2026-10-03 12:11:10 #2 store] 
Database 'C:\Users\Aitzol Waliño\Desktop\Rides\Rides24\src\main\resources\rides.temp' is opened by 7396@DESKTOP-Q3JUIF7

[2026-10-03 12:11:10 #3 type.registry] 
New type domain.User

[2026-10-03 12:11:10 #4 type.registry] 
New type domain.Driver

[2026-10-03 12:11:10 #5 type] 
Type domain.User is not enhanced.

[2026-10-03 12:11:10 #6 type.registry] 
New type domain.Balorazioa

[2026-10-03 12:11:10 #7 type.registry] 
New type domain.Mugimendua

[2026-10-03 12:11:10 #8 type] 
Type domain.Driver is not enhanced.

[2026-10-03 12:11:10 #9 type.registry] 
New type domain.Erreklamazioa

[2026-10-03 12:11:10 #10 type.registry] 
New type domain.Ride

[2026-10-03 12:11:10 #11 type] 
Type domain.Balorazioa is not enhanced.

[2026-10-03 12:11:10 #12 type] 
Type domain.Mugimendua is not enhanced.

[2026-10-03 12:11:10 #13 type] 
Type domain.Erreklamazioa is not enhanced.

[2026-10-03 12:11:10 #14 type.registry] 
New type domain.Mezua

[2026-10-03 12:11:10 #15 type.registry] 
New type domain.Erreserba

[2026-10-03 12:11:10 #16 type.registry] 
New type domain.Bidaiaria

[2026-10-03 12:11:10 #17 type] 
Type domain.Ride is not enhanced.

[2026-10-03 12:11:10 #18 type] 
Type domain.Mezua is not enhanced.

[2026-10-03 12:11:10 #19 type] 
Type domain.Erreserba is not enhanced.

[2026-10-03 12:11:10 #20 type] 
Type domain.Bidaiaria is not enhanced.

[2026-10-03 12:11:10 #21 type.registry] 
New type domain.Alerta

[2026-10-03 12:11:10 #22 type] 
Type domain.Alerta is not enhanced.

[2026-10-03 12:11:10 #23 type.registry] 
New type java.util.Vector<java.lang.Object>

[2026-10-03 12:11:10 #24 type.registry] 
New type java.util.Vector<domain.Mugimendua>

[2026-10-03 12:11:10 #25 type.registry] 
New type java.util.Vector<domain.Balorazioa>

[2026-10-03 12:11:10 #26 type.registry] 
New type java.util.Vector<domain.Ride>

[2026-10-03 12:11:10 #27 type.registry] 
New type java.util.Vector<domain.Erreklamazioa>

[2026-10-03 12:11:10 #28 type.registry] 
New type java.util.Vector<domain.Erreserba>

[2026-10-03 12:11:10 #29 type.registry] 
New type java.util.Vector<domain.Alerta>

[2026-10-03 12:11:10 #30 type.registry] 
New type java.util.Vector<domain.Mezua>

------------------------------------------------------------------------------------------------------------------------

[2026-10-03 15:37:31 #1 config] 
Invalid or expired activation code: AT72-TWAT-4R1Y-1A83-7W9X

[2026-10-03 15:37:31 #2 store] 
Database 'C:\Users\Aitzol Waliño\Desktop\Rides\Rides24\src\main\resources\rides.temp' is opened by 16728@DESKTOP-Q3JUIF7

[2026-10-03 15:37:32 #3 type.registry] 
New type domain.User

[2026-10-03 15:37:32 #4 type.registry] 
New type domain.Driver

[2026-10-03 15:37:32 #5 type] 
Type domain.User is not enhanced.

[2026-10-03 15:37:32 #6 type.registry] 
New type domain.Balorazioa

[2026-10-03 15:37:32 #7 type.registry] 
New type domain.Mugimendua

[2026-10-03 15:37:32 #8 type] 
Type domain.Driver is not enhanced.

[2026-10-03 15:37:32 #9 type.registry] 
New type domain.Erreklamazioa

[2026-10-03 15:37:32 #10 type.registry] 
New type domain.Ride

[2026-10-03 15:37:32 #11 type] 
Type domain.Balorazioa is not enhanced.

[2026-10-03 15:37:32 #12 type] 
Type domain.Mugimendua is not enhanced.

[2026-10-03 15:37:32 #13 type] 
Type domain.Erreklamazioa is not enhanced.

[2026-10-03 15:37:32 #14 type.registry] 
New type domain.Mezua

[2026-10-03 15:37:32 #15 type.registry] 
New type domain.Erreserba

[2026-10-03 15:37:32 #16 type.registry] 
New type domain.Bidaiaria

[2026-10-03 15:37:32 #17 type] 
Type domain.Ride is not enhanced.

[2026-10-03 15:37:32 #18 type] 
Type domain.Mezua is not enhanced.

[2026-10-03 15:37:32 #19 type] 
Type domain.Erreserba is not enhanced.

[2026-10-03 15:37:32 #20 type] 
Type domain.Bidaiaria is not enhanced.

[2026-10-03 15:37:32 #21 type.registry] 
New type domain.Alerta

[2026-10-03 15:37:32 #22 type] 
Type domain.Alerta is not enhanced.

[2026-10-03 15:37:32 #23 type.registry] 
New type java.util.Vector<java.lang.Object>

[2026-10-03 15:37:32 #24 type.registry] 
New type java.util.Vector<domain.Mugimendua>

[2026-10-03 15:37:32 #25 type.registry] 
New type java.util.Vector<domain.Balorazioa>

[2026-10-03 15:37:32 #26 type.registry] 
New type java.util.Vector<domain.Ride>

[2026-10-03 15:37:32 #27 type.registry] 
New type java.util.Vector<domain.Erreklamazioa>

[2026-10-03 15:37:32 #28 type.registry] 
New type java.util.Vector<domain.Erreserba>

[2026-10-03 15:37:32 #29 type.registry] 
New type java.util.Vector<domain.Alerta>

[2026-10-03 15:37:32 #30 type.registry] 
New type java.util.Vector<domain.Mezua>

------------------------------------------------------------------------------------------------------------------------

[2026-10-03 19:27:46 #1 config] 
Invalid or expired activation code: AT72-TWAT-4R1Y-1A83-7W9X

[2026-10-03 19:27:46 #2 store] 
Database 'C:\Users\Aitzol Waliño\Desktop\Rides\Rides24\src\main\resources\rides.temp' is opened by 13016@DESKTOP-Q3JUIF7

[2026-10-03 19:27:46 #3 type.registry] 
New type domain.User

[2026-10-03 19:27:46 #4 type.registry] 
New type domain.Driver

[2026-10-03 19:27:46 #5 type] 
Type domain.User is not enhanced.

[2026-10-03 19:27:46 #6 type.registry] 
New type domain.Balorazioa

[2026-10-03 19:27:46 #7 type.registry] 
New type domain.Mugimendua

[2026-10-03 19:27:46 #8 type] 
Type domain.Driver is not enhanced.

[2026-10-03 19:27:46 #9 type.registry] 
New type domain.Erreklamazioa

[2026-10-03 19:27:46 #10 type.registry] 
New type domain.Ride

[2026-10-03 19:27:46 #11 type] 
Type domain.Balorazioa is not enhanced.

[2026-10-03 19:27:46 #12 type] 
Type domain.Mugimendua is not enhanced.

[2026-10-03 19:27:46 #13 type] 
Type domain.Erreklamazioa is not enhanced.

[2026-10-03 19:27:46 #14 type.registry] 
New type domain.Mezua

[2026-10-03 19:27:46 #15 type.registry] 
New type domain.Erreserba

[2026-10-03 19:27:46 #16 type.registry] 
New type domain.Bidaiaria

[2026-10-03 19:27:46 #17 type] 
Type domain.Ride is not enhanced.

[2026-10-03 19:27:46 #18 type] 
Type domain.Mezua is not enhanced.

[2026-10-03 19:27:46 #19 type] 
Type domain.Erreserba is not enhanced.

[2026-10-03 19:27:46 #20 type] 
Type domain.Bidaiaria is not enhanced.

[2026-10-03 19:27:46 #21 type.registry] 
New type domain.Alerta

[2026-10-03 19:27:46 #22 type] 
Type domain.Alerta is not enhanced.

[2026-10-03 19:27:46 #23 type.registry] 
New type java.util.Vector<java.lang.Object>

[2026-10-03 19:27:46 #24 type.registry] 
New type java.util.Vector<domain.Mugimendua>

[2026-10-03 19:27:46 #25 type.registry] 
New type java.util.Vector<domain.Balorazioa>

[2026-10-03 19:27:46 #26 type.registry] 
New type java.util.Vector<domain.Ride>

[2026-10-03 19:27:46 #27 type.registry] 
New type java.util.Vector<domain.Erreklamazioa>

[2026-10-03 19:27:46 #28 type.registry] 
New type java.util.Vector<domain.Erreserba>

[2026-10-03 19:27:46 #29 type.registry] 
New type java.util.Vector<domain.Alerta>

[2026-10-03 19:27:46 #30 type.registry] 
New type java.util.Vector<domain.Mezua>

