------------------------------------------------------------------------------------------------------------------------

[2026-09-17 17:19:36 #1 store] 
Database 'C:\Users\norie\Desktop\Rides\Rides24\src\main\resources\rides.temp' is opened by 32312@Angela

[2026-09-17 17:19:37 #2 type.registry] 
New type domain.User

[2026-09-17 17:19:37 #3 type.registry] 
New type domain.Driver

[2026-09-17 17:19:37 #4 type] 
Type domain.User is not enhanced.

[2026-09-17 17:19:37 #5 type.registry] 
New type domain.Balorazioa

[2026-09-17 17:19:37 #6 type.registry] 
New type domain.Mugimendua

[2026-09-17 17:19:37 #7 type] 
Type domain.Driver is not enhanced.

[2026-09-17 17:19:37 #8 type.registry] 
New type domain.Erreklamazioa

[2026-09-17 17:19:37 #9 type.registry] 
New type domain.Kotxea

[2026-09-17 17:19:37 #10 type.registry] 
New type domain.Ride

[2026-09-17 17:19:37 #11 type] 
Type domain.Balorazioa is not enhanced.

[2026-09-17 17:19:37 #12 type] 
Type domain.Mugimendua is not enhanced.

[2026-09-17 17:19:37 #13 type] 
Type domain.Erreklamazioa is not enhanced.

[2026-09-17 17:19:37 #14 type.registry] 
New type domain.Mezua

[2026-09-17 17:19:37 #15 type.registry] 
New type domain.Erreserba

[2026-09-17 17:19:37 #16 type.registry] 
New type domain.Admin

[2026-09-17 17:19:37 #17 type.registry] 
New type domain.Bidaiaria

[2026-09-17 17:19:37 #18 type] 
Type domain.Kotxea is not enhanced.

[2026-09-17 17:19:37 #19 type] 
Type domain.Ride is not enhanced.

[2026-09-17 17:19:37 #20 type] 
Type domain.Mezua is not enhanced.

[2026-09-17 17:19:37 #21 type] 
Type domain.Erreserba is not enhanced.

[2026-09-17 17:19:37 #22 type] 
Type domain.Admin is not enhanced.

[2026-09-17 17:19:37 #23 type] 
Type domain.Bidaiaria is not enhanced.

[2026-09-17 17:19:37 #24 type.registry] 
New type domain.Alerta

[2026-09-17 17:19:37 #25 type] 
Type domain.Alerta is not enhanced.

------------------------------------------------------------------------------------------------------------------------

[2026-09-17 17:29:22 #1 store] 
Database 'C:\Users\norie\Desktop\Rides\Rides24\src\main\resources\rides.temp' is opened by 31304@Angela

[2026-09-17 17:29:22 #2 type.registry] 
New type domain.User

[2026-09-17 17:29:22 #3 type.registry] 
New type domain.Driver

[2026-09-17 17:29:22 #4 type] 
Type domain.User is not enhanced.

[2026-09-17 17:29:22 #5 type.registry] 
New type domain.Balorazioa

[2026-09-17 17:29:22 #6 type.registry] 
New type domain.Mugimendua

[2026-09-17 17:29:22 #7 type] 
Type domain.Driver is not enhanced.

[2026-09-17 17:29:22 #8 type.registry] 
New type domain.Erreklamazioa

[2026-09-17 17:29:22 #9 type.registry] 
New type domain.Kotxea

[2026-09-17 17:29:22 #10 type.registry] 
New type domain.Ride

[2026-09-17 17:29:22 #11 type] 
Type domain.Balorazioa is not enhanced.

[2026-09-17 17:29:22 #12 type] 
Type domain.Mugimendua is not enhanced.

[2026-09-17 17:29:22 #13 type] 
Type domain.Erreklamazioa is not enhanced.

[2026-09-17 17:29:22 #14 type.registry] 
New type domain.Mezua

[2026-09-17 17:29:22 #15 type.registry] 
New type domain.Erreserba

[2026-09-17 17:29:22 #16 type.registry] 
New type domain.Admin

[2026-09-17 17:29:22 #17 type.registry] 
New type domain.Bidaiaria

[2026-09-17 17:29:22 #18 type] 
Type domain.Kotxea is not enhanced.

[2026-09-17 17:29:22 #19 type] 
Type domain.Ride is not enhanced.

[2026-09-17 17:29:22 #20 type] 
Type domain.Mezua is not enhanced.

[2026-09-17 17:29:22 #21 type] 
Type domain.Erreserba is not enhanced.

[2026-09-17 17:29:22 #22 type] 
Type domain.Admin is not enhanced.

[2026-09-17 17:29:22 #23 type] 
Type domain.Bidaiaria is not enhanced.

[2026-09-17 17:29:22 #24 type.registry] 
New type domain.Alerta

[2026-09-17 17:29:22 #25 type] 
Type domain.Alerta is not enhanced.

------------------------------------------------------------------------------------------------------------------------

[2026-09-17 17:52:27 #1 store] 
Database 'C:\Users\norie\Desktop\Rides\Rides24\src\main\resources\rides.temp' is opened by 28872@Angela

[2026-09-17 17:52:28 #2 type.registry] 
New type domain.User

[2026-09-17 17:52:28 #3 type.registry] 
New type domain.Driver

[2026-09-17 17:52:28 #4 type] 
Type domain.User is not enhanced.

[2026-09-17 17:52:28 #5 type.registry] 
New type domain.Balorazioa

[2026-09-17 17:52:28 #6 type.registry] 
New type domain.Mugimendua

[2026-09-17 17:52:28 #7 type] 
Type domain.Driver is not enhanced.

[2026-09-17 17:52:28 #8 type.registry] 
New type domain.Erreklamazioa

[2026-09-17 17:52:28 #9 type.registry] 
New type domain.Kotxea

[2026-09-17 17:52:28 #10 type.registry] 
New type domain.Ride

[2026-09-17 17:52:28 #11 type] 
Type domain.Balorazioa is not enhanced.

[2026-09-17 17:52:28 #12 type] 
Type domain.Mugimendua is not enhanced.

[2026-09-17 17:52:28 #13 type] 
Type domain.Erreklamazioa is not enhanced.

[2026-09-17 17:52:28 #14 type.registry] 
New type domain.Mezua

[2026-09-17 17:52:28 #15 type.registry] 
New type domain.Erreserba

[2026-09-17 17:52:28 #16 type.registry] 
New type domain.Admin

[2026-09-17 17:52:28 #17 type.registry] 
New type domain.Bidaiaria

[2026-09-17 17:52:28 #18 type] 
Type domain.Kotxea is not enhanced.

[2026-09-17 17:52:28 #19 type] 
Type domain.Ride is not enhanced.

[2026-09-17 17:52:28 #20 type] 
Type domain.Mezua is not enhanced.

[2026-09-17 17:52:28 #21 type] 
Type domain.Erreserba is not enhanced.

[2026-09-17 17:52:28 #22 type] 
Type domain.Admin is not enhanced.

[2026-09-17 17:52:28 #23 type] 
Type domain.Bidaiaria is not enhanced.

[2026-09-17 17:52:28 #24 type.registry] 
New type domain.Alerta

[2026-09-17 17:52:28 #25 type] 
Type domain.Alerta is not enhanced.

------------------------------------------------------------------------------------------------------------------------

[2026-09-17 18:15:10 #1 store] 
Database 'C:\Users\norie\Desktop\Rides\Rides24\src\main\resources\rides.temp' is opened by 15932@Angela

[2026-09-17 18:15:10 #2 type.registry] 
New type domain.User

[2026-09-17 18:15:10 #3 type.registry] 
New type domain.Driver

[2026-09-17 18:15:10 #4 type] 
Type domain.User is not enhanced.

[2026-09-17 18:15:10 #5 type.registry] 
New type domain.Balorazioa

[2026-09-17 18:15:10 #6 type.registry] 
New type domain.Mugimendua

[2026-09-17 18:15:10 #7 type] 
Type domain.Driver is not enhanced.

[2026-09-17 18:15:10 #8 type.registry] 
New type domain.Erreklamazioa

[2026-09-17 18:15:10 #9 type.registry] 
New type domain.Kotxea

[2026-09-17 18:15:10 #10 type.registry] 
New type domain.Ride

[2026-09-17 18:15:10 #11 type] 
Type domain.Balorazioa is not enhanced.

[2026-09-17 18:15:10 #12 type] 
Type domain.Mugimendua is not enhanced.

[2026-09-17 18:15:10 #13 type] 
Type domain.Erreklamazioa is not enhanced.

[2026-09-17 18:15:10 #14 type.registry] 
New type domain.Mezua

[2026-09-17 18:15:10 #15 type.registry] 
New type domain.Erreserba

[2026-09-17 18:15:10 #16 type.registry] 
New type domain.Admin

[2026-09-17 18:15:10 #17 type.registry] 
New type domain.Bidaiaria

[2026-09-17 18:15:10 #18 type] 
Type domain.Kotxea is not enhanced.

[2026-09-17 18:15:10 #19 type] 
Type domain.Ride is not enhanced.

[2026-09-17 18:15:10 #20 type] 
Type domain.Mezua is not enhanced.

[2026-09-17 18:15:10 #21 type] 
Type domain.Erreserba is not enhanced.

[2026-09-17 18:15:10 #22 type] 
Type domain.Admin is not enhanced.

[2026-09-17 18:15:10 #23 type] 
Type domain.Bidaiaria is not enhanced.

[2026-09-17 18:15:10 #24 type.registry] 
New type domain.Alerta

[2026-09-17 18:15:10 #25 type] 
Type domain.Alerta is not enhanced.

[2026-09-17 18:15:41 #26 type.registry] 
New type domain.User

[2026-09-17 18:15:41 #27 type.registry] 
New type domain.Balorazioa

[2026-09-17 18:15:41 #28 type.registry] 
New type domain.Mugimendua

[2026-09-17 18:15:42 #29 type.registry] 
New type domain.Admin

[2026-09-17 18:15:42 #30 type.registry] 
New type domain.Erreklamazioa

[2026-09-17 18:15:42 #31 type.registry] 
New type domain.Mezua

[2026-09-17 18:15:42 #32 type.registry] 
New type domain.Erreserba

[2026-09-17 18:15:42 #33 type.registry] 
New type domain.Driver

[2026-09-17 18:15:42 #34 type.registry] 
New type domain.Bidaiaria

[2026-09-17 18:15:42 #35 type.registry] 
New type domain.Ride

[2026-09-17 18:15:42 #36 type.registry] 
New type domain.Kotxea

[2026-09-17 18:15:42 #37 type.registry] 
New type domain.Alerta

